Block 0
println("hello":string)
println("world":string)
return
