Func b.g
Block 0 InCycle= false
	 println("b":string)
	 jump 1
Block 1 InCycle= true
	 phi [0: 0:int, 2: t4] #i
	 t1 < 10:int
	 if t2 goto 2 else 3
Block 2 InCycle= true
	 println("b":string)
	 t1 + 1:int
	 jump 1
Block 3 InCycle= false
	 return
